2d material
2d materials
3d printing
3d printing technologies
3d printing technology
aabs
aarss
aav
aavs
abatacept
aboveground
absorbents
abuse
academic
academics
academy
acanthamoeba
acaricidal
acaricide
accelerometer
access
access control
accident
accidents
accountability
accountant
acculturation
accumulator
ac-dc
acellular
acetabulum
acetyltransferase
acgh
acid
acid dna
acid rna
acid therapeutics
acinetobacter
acinus
acitretin
acmnpv
acpas
acryl
acrylate
acrylmonomers
acrylonitrile
actinobacillus
actinobacteria
actinobacterial
actinobacterium
actinomycete
actinomycetes
active age
active age and self-management of health
active travel
activism
activist
actor
actors
actuator technology
acyclovir
acylation
adaptation
adaptive optics
adcc
addiction
adduct
adenine
adeno-associated
adenoviral
adenovirus
adhesin
adipose-derived
adjunctive
adjuvant
adjuvants
administrations
administrator
adna
adpr
adsc
adscs
advance
advance bio-based polymer
advance biomaterial
advance biomaterials
advance bio-materials
advance ceramic
advance cut technology
advanced ceramic
advance design software for manufacturing
advance drill
advance drill technology
advance human machine interface technology
advance manufacture material
advance manufacture technology
advance material
advance material for manufacturing
advancement
advance metal
advance molding
advance molding technology
advance molecular electronics
advance nanofiber
advance polymer
advance polymers
advance saw
advance saw technology
advance stainless steel
advance superconductor
advance synthetic polymer
advance technology for monitor and diagnosis of manufacturing system
advance tooling cut saw drilling welding molding technology
advance tooling technology
advance welding
advance welding technology
advantage of the physical and chemical property of rna
adverse effect
adverse health effect
adviser
advocacy
aems
aerobe
aerogel
aeromonas
aeronautical
aeronautics
aerospace
affibody
affinity for complementary rna or dna
affordability
afforestation
affymetrix
aflp
aflps
afm
afm-based
afm tip
aftercare
ag-based
ageism
agency
agenda
agent
agile
agncs
agnp
agnps
agnrs
agnws
agomir
agrarian
agribusiness
agricultural genetics
agriculture
agricultureforestry
agro
agrobacterium
agrobacterium-mediated
agrobiodiversity
agrochemical
agroecology
agroecosystem
agrofood
agroforestry
agronomic
agronomy
ag-specific
aie-active
ailment
air
aircraft
airline
airliner
air microbiology
airplane
airport
air quality
air-quality
air quality management
aisi
aiv
aivs
al-based
albumins
alcohol-abuse
alcoholism
alemtuzumab
alenia
algaas
algal
algicidal
alginate
algorithm
alienation
alisertib
alkanethiol
alkoxyamine
alkoxysilane
alkylamine
alkylated
allelochemical
alliance
alloantigen
allogeneic
alloplant
allopolyploid
all-optical
allostery
allotetraploid
alloy
alloyed
allozyme
alooh
alphavirus
alpine
alterity
alternative
alternative computing technology
alternative fuel
altimeter
altruism
alu
alumina
aluminide
aluminium
aluminophosphate
aluminum
alv-j
amazonia
ambient air pollution
ambivalence
amelogenin
amidoamine
amikacin
aminoacid
amino acid
amino acid sequence
aminoglycoside
ammonoid
amnion
amoeba
amorphous
amoxicillin
ampc
amperometric
amphibian
amphiphile
amphiphilic
amphipod
ampholytes
ampicillin
amplicon
ampoules
amr
amt advance material
amt biotechnology
amt mne manufacturing
amt nanotechnologies
amt photonics
amt software
anaerobe
anakinra
analysis of gene and genome
analysis of gene and genome of live
analytical
anastrozole
anestesiologia
anidulafungin
animal biotechnology
animallivestock management
animal management
anionic
anisotropic
anisotropy
ank
annotation
annoyance
anps
antagomir
antagomir and rna sponge
antenna
antennas
anthelmintic
anthelmintics
anthracycline
anthrax
anthropogenic
anthropologist
anthropology
anti-acne
antianaemics
antiangiogenic
antiarrhythmics
antibacterial
antibiofilm
antibiotic
antibiotics
antibodies
antibody
antibody fragment
antibody fragment therapy
antibody therapy
anticancer
anti-cancer
anticoagulant
anticonvulsant
anticonvulsants
antidiabetic
antidiarrhoeals
antidot
antidote
antiepileptics
antifolate
antifungal
antifungal agent
antigen
antigen gene
antigenic
antigenicity
antigens
antigen-specific
antihaemorrhagics
anti-infective
anti-inflammatory
antileishmanial
antimalarial
antimalarials
antimetabolite
antimicrobial
antimicrobial resistance
antimicrobials
antimonene
antimycobacterial
antimycotic
antimycotics
antiobesity
antiparasitic
antiparasitic agent
antiplasmodial
antiproton
antiprotozoal
antipruritics
antisense
antisense oligonucleotide
antisense oligonucleotide therapy
antisense therapy
antisera
antiserum
antithrombotic
antitoxin
antitubercular
antituberculosis
antitumor
anti-tumor
antitumoral
antitumour
antivenom
antiviral
antiviral agent
anuran
anxiolytics
apap-induced
apatite
apci
apobec
apology
apomixi
apoptin
appi
appliance
application for mitigation or adaptation
application for mitigation or adaptation against climate change
application of afm
applied physics
apply immunology
apply optics
appreciation
appropriation
aptamer
aptamers
aptasensor
apyrase
aqi
aquaculture
aquaponic
aquatic
arabinan
arabinogalactan
arabinose
arable
araucaria
arbitration
arboreal
arbovirus
archaea
archaeal
archaeology
archaeon
archipelago
architecture
arctic
arenavirus
argonaute
args
arithmetic and logic operation
armature
arpes
array
arresters
arsenene
artemisinin
artesunate
arthropod
artificial organ
ascomycete
ascomycota
as-contaminated
ascs
asfv
asics
aso
asos
asparaginase
assay
assays
assay system
assemblage
asthma
astronomical
astronomical optics
astrovirus
atac-seq
atezolizumab
atg
atmosphere
atmospheric
atmospheric air
atmospheric optics
atomic clock
atomic force
atomic force microscopy
atom optics
atp-dependent
atra
atr-ftir
atr-ir
attenuated vaccine
attosecond
attractor
audiometering
auncs
aunp
aunps
aunr
aunrs
aurka
austenitic
austerity
authentication
authenticator
authoritarianism
authority
authorization
autoantibody
autoantigen
autofluorescence
autoimmunity
autoinducer
autologous
automate production technology
automobile
automobile car and truck
automotive
autonomous
autonomous maintenance technology
autonomy
autoradiography
autoreactivity
autotransformer
autotroph
avant-garde
avelumab
avermectin
aviation
avidin
avifauna
avionic
avionics
avirulence
avirulent
awareness
axial resolution
axicon
azaporphines
azathioprine
azithromycin
azo
azobenzene
azole
azotobacter
aztreonam
baby-carriers
bacille
backaction
backlight
backscatter
bacteraemium
bacteria
bacterial transformation
bactericidal
bactericide
bacterin
bacteriocin
bacteriophage
bacteriophage element
bacteriophages
bacterioplankton
baculovirus
bagasse
baking-tins
balun
bandpass
bandstop
barcode
barge
basidiomycete
bathroom
batons
battery
battle
baumannius
bcg
bcn
bdmard
b-dna
beadchip
beam
beamline
bec
bedaquiline
beer
belowground
benevolence
benthic
bentho
benzimidazoles
benzofuran
benzoxazine
bereavement
berth
betatron
betulin
bevacizumab
beverage
bevs
bgcs
biallelic
bicycle
biexciton
bifacial
bifc
bifunctional
biglycan
bike
bilayer
bimetal
bimolecular
binder
bioactivation
bioadhesive
bioanalysis
bioapplication
bioartificial
bioassay
bioaugmentation
bio-based
bio-based polymer
biobr
biobutanol
biocatalysis
biochar
biochemical pathway
biochip
biocidal
biocide
biocompatibility
biocompatible
biocomposite
bioconjugate
bioconjugation
biocontrol
bioconversion
biocrude
biocrust
biodegradable
biodegradation
biodegrade
biodetection
biodiesel
biodiversity
bioeconomy
bioelectrode
bioelectronic
bioenergy
bioethanol
bioethic
bioethics
biofabrication
biofertilizer
biofilms
biofilter
biofiltration
bioflocculant
biofluid
biofuel
bio fuel
bio fuel for transport
biofuel for transport
biofunctional
bioga
biogas
biogeochemistry
biogeography
biohybrid
biohydrogen
bioi
bioindicator
bioinformatic
bioinformatics
bioink
bioinspired
bio-inspired
bioinspired material
biointerface
bioisostere
biolistic
biolistics
biologic
biological aspect of the microorganism
biological function
biological molecule
biological system
biologics
biologist
biology
bioluminescence
bioluminescent
biomacromolecule
biomass
biomass production
biomass production technology
biomaterial
biomaterial cell
biomaterial for construction
biomaterial protein
biomaterials
bio-materials
biomaterials cell
bio-materials for construction
biomaterials protein
biomaterials vaccine
biomaterial vaccine
biome
biomedical
biomedical engineering
biomedical material
biomedicine
biomethanation
biomethane
biomimetic
biomimetic design
biomimetics
biomimetic synthesis
biomimicry
biomineral
biomineralization
biomolecular computing
biomolecule
biomonitor
bionanocomposite
bionanoelectronic
bionanoelectronics
bioorthogonal
biopesticide
biopharmaceutical
biophotonic
biophotonics
biophysic
bioplastic
biopolitic
biopolymer
biopolymers
biopreparation
bioprobe
bioprocess
bioproduct
bioproduction
bioreceptor
bioreduction
biorefinery
bioregion
bioremediation
bioreporter
bioresorbable
bioscaffold
bioscience
biosecurity
biosensor
biosensors
biosilica
biosimilar
biosolid
biosorption
biosphere
biostimulation
biosurfactant
biosynthesis
biosynthesize
biota
biotech
biotechnological
biotechnology
biotechnology for manufacturing
biotechnology in health
biotechnology in packaging design
biotherapeutic
biothiol
biotin
biotope
biotoxin
biotransformation
biotreatment
biowaste
biphoton
birefringence
birefringent
birnessite
bismuth
bistability
bivalve
bjt
blame
blends
bli
blinatumomab
bluetongue
blum
bmcs
bmdc
bmdcs
bmg
bm-msc
bm-mscs
bmnpv
bmsc
bmscs
bnab
bnns
bnnss
bnnt
bnnts
bnps
boat
boats
boehmite
bog
bogie
bogoliubov
bolaamphiphile
bolivian
bolometer
bond
bonding
bone marrow transplant
bone marrow transplantation
bonts
bookmarkers
bordetellum
boreal
borneo
boron
borophene
bottlebrush
bottled
bougies
boycott
brachiopod
bragg
branch of optics and photonic
brass
bread-toasters
breather
breed
breeding
bremsstrahlung
brentuximab
brettanomyces
brevibacillus
brewery
brigade
brilliance
brillouin
brine
broadband
broadcaster
broadcasting
broadleaf
broker
brokerage
brsv
brucella
brucellosis
brugia
bryophyte
bryozoan
bsab
bsis
btv
buckyball
buckypaper
buddhism
buddhist
budgeting
buggy
bureaucracy
bureaucrat
busbar
bushmeat
business
butenolide
buttermilk
bvdv
bzip
ca2+ imaging
caatinga
cabin
cabozantinib
cad-cam
cadre
cafs
caga
caix
calamity
calcareous
calcium imaging
calcium indicator
calixarene
call molecular machine
cambisol
campaigning
campylobacter
ca-mrsa
can2 imaging
can2+ imaging
canakinumab
cancer
cancers
cannery
cannula
canon
caoutchouc
capacitor
capacitors
capecitabine
capercaillie
capitalism
capitalist
car
carabid
carbapenem
carbapenemase
carbapenem-resistant
carbazoles
carbide
carbodiimide
carbohydrate
carbon
carbon-based
carbon capture
carbon capture and storage
carbon footprint
carbonization
carbon nanotube
carbon nanotube and fullerene
carbon neutral city
carbon-neutral city
carbon neutrality in city
carbon storage
carbosilane
carbothermal
carcinogen
carcinogenic
carcinogenicity
cardanol
cardiomyocyte
cardiotoxicity
care
caregiver
care provision
carer
caribou
carnivore
carrageenan
carriage
carry-cots
carrying-straps
cars
car-t
cartilage
cascade laser
casework
caspofungin
castable
castellanius
casualty
catadioptric
catalyst
catamaran
catastrophe
catastrophe fighting
catastrophic
catechol
catenane
catering
cathelicidin
cathodoluminescence
catholicism
cationic
causative mutation
caveola
cavitand
cbioportal
cbl-b
cbn
cbrn
cccdna
cchfv
cchp
ccmt
ccs
ccus
cd-contaminated
cd-induced
cdna
cdo
cds
cdse
cdte
cdv
cecropin
cefazolin
cefepime
cefixime
cefotaxime
ceftaroline
ceftazidime
ceftriaxone
cefuroxime
cell and tissue engineering
cell-based
cell delivery
cell engineering
cell particle interaction
cell–particle interaction
cells
cell therapy
cell transplantation
cellulase
cellulose
cellulosic
cell vaccine
cementite
cementoblast
ce-ms
cenp-a
central principle of quantum mechanic
centrate
centromere
cephalosporin
ceramic composite
cereal
cerenkov
cerrado
cetuximab
ceus
cgh
cgis
cgmlst
chaco
chaetomium
chalcogenide
chalcone
chaos
chaotic
chaparral
chaperon
chaperone
chaperonin
char
characterisation
characteristic of vehicle
characteristics of vehicle
characterization
characterization and analytical technique
charcoal
charger
charity
charophyte
chassis
cheese
chemical
chemical contact of nanoparticle with biological cell
chemical imaging
chemical property
cheminformatic
chemodosimeter
chemometric
chemoradiation
chemosensor
chemotherapeutic
chemotherapy
chernozem
chikv
childcare
chimera
chimeric
chip-seq
chipset
chirp
chitin
chitinase
chitosan
chlamydia
chlamydial
chloramphenicol
cholangiocyte
cholera
chondrocyte
chordate
chore
chp
chrebp
christian
christianity
chromatin
chromatogram
chromatograph
chromatographic
chromodomain
chromodynamic
chromodynamics
chromone
chromosomal
chromosomes
chws
chytrid
cider
cidofovir
ciita
ciliate
cipn
ciprofloxacin
circrna
circuit
circular dichroism
circulator
citizen
citizenry
citizenship
citrobacter
c-its
city
city planning
civic
civilization
cladocera
cladoceran
cladosporium
clarithromycin
classical nmr
classical nmr spectroscopy
classical nmr spectroscopy approach
classical optical phenomenon
clean room technology
clean urban electric mobility
clergy
client
climate
climate change
climate change mitigation technology
climatic
clindamycin
clinical
clinician
cloak
clofazimine
clonality
clone
clones
cloning
clothing
clotrimazole
cloud-based
cloxacillin
clpb
clpp
clps
clutter
cmos
cmos-compatible
c-myc
cna
cnas
cncs
cnds
cnf
cnfs
cnhs
cnidarian
cnmr
cnps
cnt
cnt-based
cnts
cnvs
cnws
coastal and maritime planning
coccidiosis
coccidium
co-creation
cocrmo
codelivery
coercion
coevolution
coexpression
co-expression
cofs
cogeneration
cognate
coherent light
cohesin
coil
co-immunoprecipitation
cold-rolled
colibacillosis
colistin
collaboration
collecting-tanks
collembola
collembolan
collimate
collimation
collimator
colloid
colloidal
colloidosome
colonial
colonialism
colonisation
colorimetric
comb
commensal
commentator
commodification
common graphene synthesis
common graphene synthesis approach
common nanostructure
communication
communication technology for logistics
communication technology for logistics and manufacturing
communication technology for manufacturing
communicator
communist
communitarian
community-based
commuter
comonomer
comorbidity
comparative
comparative genomic
comparative genomic deal
compare sequence of whole genome
compare sequence of whole genome or portion of genome
compassionate
compatibilizer
competitiveness
compiler
complementary dna
complementary dna or rna strand
complementary rna
complex
complexation
complex structure
composite
composites
compost
computational
computational nanotechnology
computational toxicology
computer memory technology
computing
computing technology
concentrate solar power
conceptualisation
conceptualization
conditionality
conducting
conductive
conductor
conductors
conduct polymer
confessional
confidentiality
configurable
conflict
confocal
confocal microscopy
conformation
confucian
confucianism
conifer
conjugate vaccine
conjugation
conjuncture
conotoxin
cons
conscience
conservation
conservation genomic
constituency
constitutionalism
construction
consultation
consumer
consumerism
consumer plastics
contaminant
contaminants
contemporary
contest
contestation
contig
continuous fiber ceramic composite
conventional light microscopy
conventional light microscopy method
conventional phase-contrast microscopy
conviction
cool
cooling
coooh
coox
copc
copepod
copolyamide
copolycarbonate
copolyester
copolyimide
copolymer
copper
coprecipitation
coprocessor
co-production
coral
coregulator
corepressor
coreshell
core-shell
corncob
coronagraph
coronavirus
correctional
correlative
corrosion-resistant
corruption
corticosteroid
cosmeceutical
cosmetic
cosmid
cosmopolitanism
cost
cost-efficiency
costimulation
cosy
cotrimoxazole
counseling
counter-intuitive prediction of quantum mechanic
counterterrorism
countryside
county
coupler
courage
covalent
covalent bond
covariation
coxsackievirus
cp-abe
cpdna
cp-induced
cpmas
cp-mas
cp-ti
cpu
cpus
cpv
cqd
cqds
cranioplasty
create energy-efficient optical source
create surface plasmon
create use photonic crystal
creativity
crgd
criminal
criminality
criminology
crinoid
crisis
crispr
crispr-based
crispr-cas
crispri
critic
critical infrastructure
critical security infrastructure
criticism
critique
crkp
crna
crop
cropland
crop plant
crops
crosslinkable
crosslinked
cross-linked
crosslinker
cross-linking
crrna
cruise
crustacean
cryoelectron
cryoelectron microscopy
cryoem
cryogel
cryogenic temperature by electron microscopy
cryptography
cryptophyte
cryptosporidiosis
crystal
crystalline form of carbon
crystallite
crystallography
crystal of a fluorescent semiconductor material with a diameter
crystals
csfv
csos
csp
ctcf
ctl
ctls
cu-based
cubosome
cuda
cult
cultural space
cuncs
cunps
cuo
cupc
cuprate
curdlan
curvularia
custom
customer
customised
customizable
customization
customize
cuxo
cvd-grown
cyaa
cyanobacteria
cyanobacterial
cyanobacterium
cyanotoxin
cyber
cybersecurity
cyberspace
cycad
cyclodextrin
cycloheximide
cyclopentadiene
cyclopeptide
cyld
cypa
cysteine
cytarabine
cytb
cytidine
cytolysis
cytometry
cytoprotection
cytosine
cytosolic
cytotoxic
cytotoxin
daa
daas
dairy
dalbavancin
daphnium
dapi
daptomycin
daratumumab
dart-ms
dasatinib
database
datacenter
dataflow
data—including functional genomic
datapath
data-processing
dataset
datp
datum
datum storage
dazl
dbr
dc-based
dc-dc
dcfh-da
ddpcr
ddr
dds
ddss
dead-box
deaminase
debate
debris
debugger
decapeptide
decarbonization
decellularized
decentralisation
decentralization
decision-maker
decision-making
decitabine
decoherence
decolonisation
decontaminate
decontamination
decorin
decrypt
decryption
deep-sea
defensin
deference
defiance
define molecular conformation
define procedure for reconstruct dna sequence
deforestation
degradable
degrader
degradome
degron
dehumanization
dehydrin
deletion
deletions
deliberation
delicacy
deliver cell
deliver cell therapeutics
deliver drug
delivery
delivery method
deltaproteobacteria
demethylase
democracy
democrat
democratisation
democratization
dendrimer
dendrimers
dendrogram
dendron
denitrification
denitrifier
denture
denv
deoxynucleotide
deoxyribonucleotide
dependability
deportation
deposition
deprotonation
derepression
dermatophyte
dermi
desalination
desert
desertification
designer
design synthesis and processing
dessert
desy
desymmetrization
detector
detector of magnetic field and low-noise amplifier
detoxication
detoxification
deubiquitinase
deuterostome
developed novel
development of terawatt and petawatt laser
devolution
dextrin
dfb
dgge
dhfr
dhw
diacrylate
diagnostic device
diagnosticum
dialogue
diamond
diaspora
diatoms
diazotroph
diblock
dice-boxes
dicer
dichalcogenide
dichroism
dideoxy nucleotide
dideoxy nucleotide chain
dideoxy nucleotide chain terminator
dideoxy nucleotide chain terminator monomer
dielectric
diffraction
diffractive
diffractometer
diffractometry
difunctional
digestate
digital security
dignity
dihydroethidium
dilatometry
dilemma
dimer
dimerization
dimethacrylate
dimple
dingo
dinoflagellate
diode
diode laser
diode laser structure
diodes
diolefin
diphtheria
diplexer
diplomacy
diplomat
dipterocarp
direct-acting
direct evolution
disability
disaccharide
disaster
disaster fighting
discipline
discontent
discourse
discovery
discrete genomic locus
discussion
disease
diseased
disease management
disease prevention
diseases
disease treatment
dish-warmers
disinfectant
disinfectants
disorder
disparity
dispersoid
display
display application
disposal
dispute
dissent
distillery
distortion of electromagnetic signal through air
distress
district
distrust
dithiol
diversification
diversity
diversity of marine plant
divinylbenzene
dmaema
dmard
dmards
dmos
dna
dnaa
dna and rna
dna-based
dna-binding
dna computing
dna-containing
dna encode
dnaj
dnak
dnam
dna methylation
dna-methylation
dna microarray
dna nanomachine
dna nanostructure
dna nanotechnology
dna or mrna sequence
dna-pk
dna-pkcs
dna repair
dna-repair
dna repair system
dnarna technology
dnas
dna sequence
dna sequence fragment
dna sequence technology
dna technology
dna vaccine
dnazyme
dnazymes
dnmts
dnp
dntp
doctrinal
doctrine
dodecamer
domestic
domestic and marine waste
domestication
domestic use of renewable energy
domestic waste
dosy
dot
dota
double-stranded
double-stranded rna
dovetailing
downplay
downtown
doxorubicin
doxycycline
dpcr
dpsc
dpss
drilling or welding metal
drive laser
drive light source
drivetrain
drosha
drought
drug
drug delivery
drug-induced
drug metabolism
drug-resistant
drug response
drug therapy
drug used
dryland
dsb
dsbs
dsc
dsdna
dsp
dsrna
dtap
dubs
ductile
dupilumab
duplex dna
duplex dna in a sequence-specific manner through the formation
duplex dna in a sequence-specific manner through the formation of hydrogen bond
duplexer
durvalumab
duuren
duv
dwcnt
dwcnts
dwdm
dysfunction
eaec
ear-rings
earthworm
earthworms
eav
ebg
ebolavirus
ebov
ebsd
ecd
ecfcs
echinocandin
ecl
eco-friendly
ecological
ecological footprint
ecology
economics
economist
economy
ecophysiology
ecoregion
ecori
ecosystems
ecotone
ecotourism
ecotoxicity
ecotoxicology
ectomycorrhiza
ectomycorrhizal
ectoparasite
ectoparasiticides
ecuadorian
eculizumab
edax
edcs
edfa
edna
ednrb
edwardsiella
edx
edxrf
eels
effect of food and food constituent on gene expression
effector
effector domain
effector nuclease
efficiency
effluent
effluents
ef-tu
egalitarian
egalitarianism
egee
egg-cookers
e-government streamlining of carbon footprint
ehealth
e-health
ehec
ehr
ehrs
eiav
eigenfunction
eigenmode
eimeria
ei-ms
einfrastructure
eit-like
elastomer
electrical current for the purpose of information processing and system control
electric field
electricity
electric train
electric vehicle
electride
electrification
electroabsorption
electroactive
electroanalysis
electrochemical pattern and film deposition
electrochemiluminescence
electrochemiluminescent
electrochemistry
electrochromic
electrodeposition
electrodynamics
electroencephalography
electromagnet
electromagnetic radiation
electromagnetic signal
electromagnetic signal through air
electromagnetic wave
electrometer
electromobility
electron
electron at the surface of a metal
electron at the surface of a metal and create surface plasmon
electronic
electronic circuit
electronic device
electronic health
electronic property and device
electronic property and material
electronics
electronics boom
electron microscopy
electro-optic
electro-optical
electrophysiological
electrophysiology
electrospray
elicitor
elisa
elisa-based
elisas
elispot
ellipsometer
ellipsometry
ellman
elotuzumab
elps
emancipation
emancipatory
emcv
emergencies
emergy
emissions
emit
emit diode
emit fluorescence use
emitter
emitting
empiric
employer
empowerment
emrs
emulator
enact
enactment
enaminone
enantiopure
enantioselective
encode antigen gene
encode dna or mrna sequence
encroachment
endogenous
endolysin
endomicroscopy
endonuclease
endoparasite
endophyte
endophytic
endoprosthese
endoprosthesis
endor
endoradiosondes
endoribonuclease
endoscope
endosphere
endospore
endostatin
endosymbiont
endosymbiosis
endotoxemium
enemata
energetic
energies
energy
energy and telecom sector
energy consumption
energy efficiency
energy efficiency in buildings
energy-efficient
energy-efficient optical source
energy generation
energy harvesting technology
energy in building
energy in industry
energy saving
energy-saving
energy storage
energy supplied
energy supply
energy system
energy systems
energy transfer
energy transferred
enforcement
engineering
engineering-nonconducting polymer
engraftment
enlightenment
enrofloxacin
enterobacteriaceae
enterobacterium
enterococcal
enterococcus
enterocyte
enterovirus
enterprise
entire field of view of a fluorescence microscope
entire genome
entomology
entomopathogen
entomopathogenic
entrepreneur
entrepreneurship
environmental biotechnology
environmental health and safety issue
environmental impact of nanotechnology
environmental microbiology
environment-friendly
envs
enzymatic
enzyme
epcs
epec
epibiont
epidemiological
epidermis
epifauna
epifaunal
epifluorescence
epigenetic
epigenetic mark
epigenome
epigenomic
epigenomics
epilayer
epiphyte
epiphyton
episomal
epistasis
epistemic
epistemology
epitaxial
epithelial
epithelium
epitope
epma
epoxy
epr
eqtl
equalisers
equality
equity
erad
erbium
er-doped
ereg
erna
erodibility
ertapenem
erwinia
erythroblast
erythromycin
erythropoietin
esbl
esbl-producing
esbls
esi-ms
esipt
esrf
esss
ests
estuaries
estuary
etalon
etanercept
etch
ethical
ethical legal and other societal issue
ethics
ethnic
ethnic inequality
ethos
ethylcellulose
etonogestrel
eubacterium
eucalypt
eukaryote
eukaryotes
european
european culture
europeanisation
europeanization
eutrophication
euv
evaluation
evanescent
evanescent wave
evergreen
evidence-based
evolution
evolutionary
evolutionary relationship
evolutionary relationship by compare sequence of whole genome
ewod
exafs
exceptionalism
excipient
excitation
exciter
exciton
exciton polariton
excitotoxicity
exfoliation
existential
exo
exome
exonuclease
exopolysaccharide
exotoxin
expatriate
expec
experimentation
expressional
expression profile
expression system
extrachromosomal
extremely high precision mount technology
extremely high precision positioning and mount technology
extremely high precision positioning technology
extremophile
exurban
eyepieces
fabricate graphene
fabrication
facile
faers
fair trade
faith
fallow
fano
fantasy
faraday effect
farm animal
farming
farmland
fascism
fasn
fast-food
fatherhood
fauna
faunal
favipiravir
fbar
fbgs
fdm
fdsoi
feal
fecral
federalism
feedstock
feedstuff
feg-sem
fel
fels
feminism
feminist
femtosecond
femtosecond pulse
fen
feooh
ferment
fermented
fermion
fern
ferret
ferrite
ferritic
ferroelectricity
ferromagnet
ferrotitanium
ferry
fesem
fe-sem
fesi
fet
fets
ffir
fhbp
fiber-optic
fiber-optic communication
fibre
fibre laser
fibre-optic
fibre optics
fibre optics and optical communication
fibre-reinforced
fibroblast
fibroblasts
fibrocyte
fibroin
fib-sem
field-emission
field includes
field of ecology and toxicology
field trial
fighting
filaggrin
filamentation
filamentous
filamin
film
film-forming
film-strength
filtrate
finance
financialization
finfet
finfets
finfish
finger nuclease
fireman
fire-polishing
firewall
first laser
fish
fishery management
fiv
fiware
flagellate
flagellin
flake
flame-retardant
flavivirus
fleet
flic
flim
flocculant
flood
floodplain
flora
flora and fauna
florescence
florfenicol
floristic
flowcytometry
flowerlike
flower-like
flowmetry
flow-through
flu
fluconazole
fluidic
fluorescence
fluorescence imaging
fluorescence microscope
fluorescence microscopy
fluorescence resonance energy transfer
fluorescence spectrometry
fluorescence spectroscopy
fluorescent semiconductor material
fluorimetry
fluorinated
fluorination
fluorine-containing
fluorocarbon
fluorogen
fluorometry
fluorophore
fluoropolymer
fluoroquinolone
fluorosilane
fluorosilicone
fmcw
fmdv
fnir
foldamer
folfox
folklore
food
foodborne
food microbiology
food nanotechnology
food or food packaging
food packaging
food-processing
food-related household appliance
food security
foodstuffs
food sustainability
foothill
forb
force microscopy
foreign collaboration
foreign dna
foreigner
foreign policy
forensic
forensics
foresight
forest
forester
forestland
forestry
forests
forests flora fauna
forklift
formalization
formin
forster
fortify
fosfomycin
fosmid
fourier
fourier-transform
fourier-transformed
fpga
fpga-based
fpgas
fractography
fragment
fragment therapy
francisella
francophone
frataxin
free-electron
free electron laser
free-electron laser
freeway
freight
frequency comb
frequency-selective
freshener
freshwater
fresnel
fret
fret-based
friendly material for optoelectronic device
friendly material for optoelectronic device and component
frigate
fructan
frugivore
fticr
ft-icr
ftir
ft-ir
ftir-atr
ftms
ft-nir
ft-raman
fucoidan
fucose
fullerene
fullerenes
full-length
fumigators
functional genomic
functionalisation
functionalization
functionalize
functionalized
funder
fungicide
fungicides
fungus
furin
future protein
fuv
fwm
gaas
gaas-based
gag
gags
gain-of-function
galactan
galapagos
galectin
galex
gallium
gallium arsenide
gallium nitride
galnac
gamma-ray
gan
gan-based
ganciclovir
ganglioside
gan-on-si
gapdh
gardasil
gardening
garlands
garment
gasb
gasification
gasoline
gastropod
gate
gateway
gatk
gc-fid
gc-ms
gc-rich
gcrv
gcxgc
gdna
ge-based
gelatin
gelatine
gelator
gender inequality
gene
genealogy
gene and rna vector
gene delivery
gene delivery method
gene expression
gene expression profile
gene expression system
gene knockout
general type of electron microscopy
generosity
genes
gene target
gene therapy
genetic
genetic base of drug response and disease
genetic construct
genetic diversity
genetic element
genetic engineering
genetic modification
genetics
genetic transduction
genetic variant
genetic variation
genetic vector
gene vector
genipin
genome
genome assembly
genome assembly algorithm
genome change
genome duplication
genome engineering
genome evolution
genome-scale population
genome-scale population genetics
genome structure
genomewide
genome-wide
genomic
genomic datum
genomic locus
genomic region
genomics
genotoxic
genotoxicity
genotyping
gentamicin
gentamycin
gentrification
geography
geoinformation
geopolitics
geothermal energy
germanene
germanium
germline
gese
gesn
gfdm
ghg
giardiasis
gisaxs
glasshouse
glcnac
global engagement
globalisation
globalization
global state of gene expression
glta
glucan
glucocorticosteroid
glucosamine
glucosyltransferase
gluon
glycal
glycan
glycidyl
glycobiology
glycoconjugate
glycolipid
glycome
glycomic
glycopeptide
glycopolymer
glycoprotein
glycoproteomic
glycosaminoglycan
glycosidase
glycosphingolipid
glycosylase
glycosyltransferase
gm-csf
gna
gnb
gnf
gnfs
gnp
gnps
gnr
gnrs
gns
go-based
gonococcal
gout
governance
government
governmentality
gpcrs
gpgpu
gpu
gpu-accelerated
gpu-based
gpus
gpv
gqd
gqds
graphane
graphdiyne
graphene
graphene-based
graphene oxide
graphene synthesis
graphene synthesis approach
graphite
graphitic
graphyne
graptolite
grassland
grasslands
grassroot
grate
grazer
grb
grbs
greenhouse gas emission
green photonic
green roof
greenspace
green urban area
greywater
grievance
grin
griseofulvin
grna
grns
groel
groundwater
growth
groynes
gshp
gtpase
guanine
guano
guanosine
guanxus
gut
gwas
gwass
gwp
gyra
gyrb
gyroplanes
gyrotron
haadf
haadf-stem
habitat
hadoop
hadsc
hadv
haemagglutinin
haematopoietic stem cell
haematopoietic stem cell transplantation
haemophilus
hairpin
hais
halal
halloysite
halotolerant
ha-mrsa
hamsc
handpiece
handset
hantavirus
haplic
haploid
haplotype
happiness
hapten
haptophyte
hardmetal
hardware
hardware architecture
hare
harm
hasc
hastelloy
hav
hbcag
hb-egf
hbmsc
hbn
hbps
hbx
hcmv
hcr
hdaci
hdx
hdx-ms
headset
healds
health
health biotechnology
healthcare
health care
health-care
healthcare delivery
health care provision
healthcare provision
health care provision and integrate care
health datum
health effect
health method and datum
health-related
health well-being and disease
heathland
heating and cool
heating and cooling
heat-resistant
hedgerow
hegemony
heis
helicase
helicopter
helmet
helminth
helminthiasis
hemagglutinin
hematopoietic
hematotoxicity
hemlock
hemolysin
hemt
hemts
hepatocyte
hepatoprotection
hepatotoxicity
heptapeptide
herbaceous
herbage
herbicidal
herbicide
herbivore
herceptin
herpetofauna
herpetoviridae
herv
herv-k
heteroduplex
heterodyne
heterojunction
heterologous
heteronanostructure
heteronormativity
heteronuclear
heteropolymer
heteropolysaccharide
heterostructure
heterostructures
heterotroph
heterotrophic
hexadecyl
hexamer
hexapeptide
hfq
hgcdte
hgt
hhg
hib
high
high-energy
high field laser
high-field laser
high harmonic generation
high-harmonic generation
high-intensity beam of radiation
highland
highlands
highperformance
high-power
high-power laser
high-precision
high productivity and self assembly technology
high productivity technology
high-resolution
high-speed
high-speed manufacturing technique
high-speed train
high-strength
highthroughput
high-throughput
high-throughput dna
high-throughput dna sequence
high-throughput shotgun
high-throughput shotgun sequence
high-throughput shotgun sequence of cdna molecule
highway
high-yield production of specific metabolite for medicine or biotechnology
hillslope
hiseq
his-tag
his-tagged
histochemical
histochemistry
histone
histone modification
historiography
histosol
hitch
hiv-infection
hiv-specific
hmbc
hmgcr
hmpv
hmqc
hmsc
hnmr
hnps
h-ns
hnsc
hnts
holarctic
holey
holographic
holography
homecare
homelessness
homeodomain
homeownership
homochiral
homodimerization
homoepitaxial
homolog
homologue
homology
homonuclear
homosexuality
homozygosity
honey
hoogsteen
horizontal gene transfer
horticulture
hospice
hospitality
host cells
hot-rolled
household
household appliance food-related
hpai
hpaiv
hpcs
hpdlsc
hplc
hplc-dad
hplc-esi-ms
hplc-ms
hplc-pda
hplc-uv
hp-prrsv
hprt
hresims
hr-esi-ms
hr-mas
hrms
hr-ms
hrqol
hrsem
hr-sem
hrsv
hrtem
hr-tem
hrxrd
hscs
hs-gc
hsla
hspc
hspcs
hsqc
hst
htert
htfs
htsc
human health
humanism
humanity
humanized
human mobility
humoral
hur
hurricane
husbandry
huvec
hvac
hyaluronan
hyaluronidase
hybrid
hybridisation
hybridity
hybrid molecular semiconductor electronics
hybrid molecularsemiconductor electronics
hybridoma
hydrazide
hydrochar
hydroclimate
hydrocolloid
hydroelectric
hydroelectricity
hydrogel
hydrogelator
hydrogels
hydroid
hydrologic
hydrological
hydrology
hydrolysate
hydrolyzate
hydrophilic
hydrophilum
hydrophobic
hydrophone
hydropower
hydro power
hydrosol
hydroxamate
hydroxymethylation
hydrozoan
hyperbranched
hyperimmune
hypersaline
hypertension
hyperthermophile
hypervirulent
hypnotics
hypomethylation
iaq
iav
iavs
ibdv
ibex
ibrutinib
ibv
icebreaker
ichthyofauna
iconography
icp-aes
icpms
icp-ms
i-crei
ict
ict and energy
icts
iczm
idealism
idealist
ideology
ifna
ifn-alpha
ifn-beta
ifnt
igbt
igbts
igcc
iggs
igy
ihnv
iii-n
iii-v
ikaros
illegality
illiteracy
illness
illumina
illuminant
illumination
illumination of the entire field of view of a fluorescence microscope
illuminations
illuminator
image
imager
imagination
imaging
imaging and sense
imaging technique
imaging technique and agent
imids
iminosugar
imipenem
imiquimod
immigrant
immigration
im-ms
immune response
immune response in the recipient
immunisation
immunity
immunization
immunize
immunoassay
immunoblot
immunoblotting
immunochemistry
immunocytochemical
immunocytochemistry
immunodominant
immunoenzyme
immunofluorescence
immunofluorescent
immunogen
immunogenic
immunogenicity
immunoglobulin
immunogold
immunohistochemistry
immunohistology
immunoliposome
immunologic
immunomodulation
immunomodulator
immunomodulators
immunomodulatory
immunopathology
immunophenotype
immunoprecipitation
immunoprophylaxi
immunosensor
immunospot
immunostain
immunostaining
immunostimulant
immunostimulation
immunostimulatory
immunosuppressant
immunosuppression
immunosuppressive
immunosurveillance
immunotherapeutic
immunotherapy
immunotoxicity
immunotoxin
impartiality
imperialism
implant
implantation
implantology
implants
important consideration for drug delivery
inactivated
inactivated vaccine
inactivated vaccine elicit
inas
inassb
incarnation
incineration
inclinometer
include transposon mutagenesis
inclusiveness
inclusivity
income
inconel
incrna
incrnas
indebtedness
indel
indels
indigeneity
indium
indium phosphide
individualisation
individualism
individualized
indole
indole-alkylamines
indolizine
indoor air quality
inducible
inductance
inductive
inductivity
inductor
inductors
industrial
industrial biotechnology
industrial biotechnology biomass production technology
industrial energy
industrial microbiology
industrial robot technology
industrial waste
industry
inequalities
inequality
inequality and promote fairness
inequity
infection
infectious agent
infectious disease
infer protein conformation
infinium
inflammation
infliximab
influenza
informality
informatics
infotainment
infrared
infrared spectroscopy
infrastructure
infrastructures
ingaas
ingenuity
inha
inherent dna repair
inhibitor
initiative
injectable
injustice
inkjet
inn
inoculant
inorganic
inorganic led
inorganic leds
inp
inp-based
insb
inse
insect
insecticidal
insecticide
insecticides
insecurity
inselberg
insertional
inshore
insider
inspection
inspection analysis testing and
inspection analysis testing and metrology technology
institutionalization
institutionalize
instrumentation
insulator
insulators
insulins
insurgency
insurgent
integrase
integrate care
integrate circuit
integrated circuit
integrate optics
integration of ict and energy
integron
intein
intelligent machinery component and architecture
intelligent navigation
intelligent transport
intense coherent light
intense source of white light
interaction
interaction between nutrient and other dietary bioactive
interaction network
interaction result from the physical and chemical contact of nanoparticle
interactome
interactor
interband
intercalator
intercity
interdisciplinarity
interference microscopy
interfere rna
interfere rnas
interferometer
interferometre
interferometric
interferometry
interferon
intermetallic
intermetallide
intermodal
intermodality
intermolecular
internalization
internal reflection
internal reflection microscopy
international collaboration
internationalisation
internationalization
international relation
international strategy
internet
internet-based
interoperability
interoperable
interpolymer
interposer
interrogation
interstrand
intersubband
intersubjectivity
intertidal
interurban
intervalley
intervention
intimacy
intoxication
intraband
intracavity
intramolecular
intraosseous
intraosteal
intravital
introduction of a dna plasmid by electroporation
intron
inulin
invader
invar
inverter
in-vitro
ionogel
ionomer
ionosphere
ionp
ionps
iot
iot-based
ipilimumab
ipnv
ires
iron-based
irox
irradiator
ir spectroscopy
isavuconazole
isfet
isgs
islam
islamic
isoalloxazines
isocyanurate
isoform
isopod
isoprenoid
isozyme
itraconazole
itraq
ivcm
ivermectin
ivig
iwrm
jaguar
jawbone
jev
jfet
josephson
journalism
journalist
judaism
judiciary
jumper
jurisdiction
jurisprudence
justice
ka-band
kanamycin
karoo
katg
kayak
kdna
kefir
kelp
keratinocyte
kerma
kerosene
kerr
ketals
ketoconazole
key-rings
kilovoltage
kimchus
kinome
kitchen appliance
klh
knockdown
knock-down
knowledge
knowledge-based
kojus
kombucha
kpc-producing
kpfm
krab
kraft
krf
kshv
ku-band
label-free
laccase
laci
lactams
lactide
lactococcal
lactoferrin
lacz
lagoon
laiv
lake
laminarin
laminates
lamivudine
lamp
la-mrsa
landfill
landscape
landscape management
landscaping
landuse
land-use
laparoscope
large-area
larvicidal
larvicide
laser
laser beam
laser beams
laser cavity
laser diode
laser-induced
laser material processing
lasers led and light source
lasers leds and light source
laser structure
latecomer
latex
laue
lawmaker
law-making
lawyer
layer-by-layer
lc-esi-ms
lc-hrms
lck
lcms
lc-ms
lcmv
lc-ne
lc-qtof-ms
l-cysteine
ldha
ldhs
ldmos
leachate
leaders
leadership
lecithin
lecterns
lectin
leds
legality
legislation
legislative
legislator
legislature
legitimacy
legitimation
legitimise
leishmania
leishmanicidal
lenalidomide
lens
lentiviral
lentivirus
leptospira
leptospiral
leptospire
lethality
levan
levofloxacin
lf-nmr
lgbt
li-accumulators
liana
liberal
liberalism
lichens
licofy
licooxfy
life-saving
lifestyle
ligand
light
light emit
light emit diode
light emitted
light-emitting
light-emitting diode
lightguide
light-harvesting photonic material
light microscope
light microscopy
light propagation
light sheet
light-sheet
light sheet fluorescence microscopy
light sheet microscopy
light-sheet microscopy
light source
light source inside the cavity
light use
light used
light use spontaneous emission
lightwave
lignin
lignite
lignocellulose
lignocellulosic
linac
lincomycin
lincosamide
lincrna
lineage
linewidth
linezolid
linker
lipid membrane
lipidome
lipidomic
lipopeptide
lipoplex
liposomal
liposomes
liquid crystal
liquid-crystal
list of light source
literacy
literary
lithographic
lithography
litigation
litter
litterfall
littoral
live attenuated vaccine
live-cell
livelihood
livestock
livestock management
lna
lna-based oligonucleotide
lncrna
lnps
loam
loamy
lobby
lobbying
local food
localism
locality
loci
lock nucleic acid
locomotive
locus
loess
logic
logic operation
logistical positioning technology
logistics
logisticshandling
logistics support software for manufacturing
loneliness
longleaf
lorry
loss-of-function
low-alloy
low-carbon
low carbon technology
low-cost
lowland
low-noise
lowpass
low-power
low-voltage
lpai
lpfg
lpg
lspr
ltc
ltcc
lto
ltr
lulcc
luminex
luminophore
luminous
luvisol
lvs
lwir
lymphoblast
lymphocyte
lymphoproliferation
lysin
lysm
mab
mabs
machine
machinery
machining
macroalga
macroalgal
macrobentho
macrocycle
macrocyclic
macrocyclization
macroecology
macroevolution
macrofauna
macrofaunal
macroinitiator
macroinvertebrate
macrolide
macromer
macromonomer
macrophage
macrophyte
macroporous
maghemite
magnet
magnetic
magnetic device
magnetic field
magnetic-field-controlled
magnetic property
magnetic property and material
magnetic resonance
magnetite
magneto
magnetoencephalography
magneto-optic
magneto optics
magneto-optics
magnon
maintenance
majorana
major groove
major groove of duplex dna
major groove of duplex dna in a sequence-specific manner
major groove of duplex dna in a sequence-specific manner through the formation
malady
maldi
maldi-ims
maldi-ms
maldi-msi
maldi-tof
maldi-tof-ms
malignancy
malnutrition
maltooligosaccharide
maltose
mammalian
mammalian cell
manage disease
management
manager
manatee
mandevilla
mangrove
mannan
mannose
manufacturing biotechnology
manycore
mapreduce
marbofloxacin
marginale
marginalisation
marginality
marginalization
mariculture
marinade
marinated
marine
marine ecosystem
marine environment
marine pollution
mariner
marine spatial planning
marine technology
maritime
maritime planning
marketing
marketisation
marketization
marriage
marsh
marshland
martensitic
mas
masculinity
mas-nmr
massarray
mass spectrometer
mass spectrometry
mass spectrum
material for energy efficient building
materialism
materiality
material processing technology
material production technology
maternity
matk
matlab
matrix-assisted
matrix composite
mavs
mbls
mc-icp-ms
mcmv
mcra
mdr
mdro
mdros
mdr-tb
mdv
meadow
measles
measurement
meat
meca
mechanical
mechanical and structural property and device
mechanical exfoliation
mechanical exfoliation from graphite
mechanical sensor
mechanization
mechanobiology
mechatronic
medical
medical application
medical device
medical genomic
medical instrument
medical instrumentation
medical toxicology
medicament
medicaments
medication
medicine
medicolegal
mediterranean
megacity
megafauna
megakaryocyte
meganuclease
meganucleases
meiofauna
meiofaunal
melanocyte
melanoma
membrane
memristor
mems
mems and nems
mems-based
menb
menc
menin
meningococcal
meningococcus
mental health
mental-health
mentality
mentorship
meropenem
mers-cov
mertk
mesenchymal stem cell
mesenchymal stem cells
mesenchyme
mesfet
mesoamerica
mesocrystal
mesogen
mesophase
mesoporous
mesoscopic
mesostructure
messenger rna
mess-tins
metabolic engineering
metabolome
metabolome profile
metabolomic
metabolomics
metabonomic
metada
metagenome
metagenomic
metagenomics
metalation
metal-containing
metallic
metallodrug
metalloenzyme
metallographic
metallography
metallopolymer
metalloporphyrin
metalloprotein
metal matrix
metal matrix composite
metal-organic
metal-organic framework
metamaterial
metamaterials
metaphysics
metastructure
metasurface
metatranscriptomic
metazoan
meteorological
methacrylaldehyde
methane
methanobacterium
methanogen
methanosarcina
methanotroph
methicillin
methicillin-resistant
method for the design and synthesis of novel molecule
methodological
methodology
methods and datum
methotrexate
methylase
methylation
methylmethacrylate
methylome
methyltransferase
metro
metrology
metrology technology
metronidazole
mfm
mges
mhc-i
mhealth
mhk
micelle
miconazole
microaggression
microalga
microalgae
microalgal
microanalysis
micro- and nanoelectronic manufacturing
micro- and nano-electronics
microarray
microarray analysis
microarrays
microarthropod
microbead
microbeam
microbial diversity
microbicidal
microbicide
microbiology
microbiome
microbiota
microbridge
microcalorimetry
microcapsule
microcapsules
microcarrier
microcavity
microchamber
microchannel
microchip
microclimate
microcomposite
microcomputer
microcomputer technology
microcompute technology
microcomputing technology
microcontroller
microcopy
microcosm
microcrustacean
microcrystal
microct
microcube
microdeletion
microdevice
microdialysis
microdisk
microdisplay
microdroplet
microelectromechanical
micro-electro-mechanical system
microelectromechanical system
microelectronic
microelectronics
microelectronics manufacturing
microengrave
microengraving
microevolution
microfabrication
micro-factory technique
microfiber
microfinance
microflora
microflower
microfluid
microfluidic
microfluidic device
microfluidics
microgel
microgranule
micrograph
microgrid
microgroove
microhabitat
microheater
microlaser
microlen
microlens
microlithography
micromachine
micromanipulation
micromechanical
micromirror
micro optics
micro-optics
microorganism
microorganisms
microparticle
microparticles
micropattern
micropillar
microplastic
microplastics
micropollutant
micropore
microporous
microprobe
microprocessor
micropulse
microreactor
microrelief
microresonator
microresonators
microrheology
microrna
microrod
microsatellite
microscope
microscope coverslip
microscopic
microscopy
microscopy display
microscopy image
microscopy method
microscopy technique
microsensor
microsite
microspectroscopy
microsphere
microspheres
microsporidium
microstrip
microstrips
microstructures
microsystem
microtechnology
microtomography
microtube
microvesicle
microwave
microwave photonic
microwaving
microwell
microwire
middleware
mid-infrared
mid infrared photonic
mid-infrared photonic
midwifery
migrant
militant
milk
miltefosine
mimo-ofdm
mimotope
mineralisation
mineralization
miniature optical circuit
miniaturisation
miniaturize
minicircle
minion
minisatellite
miniscrew
ministries
minivan
mire
mirnome
miscanthus
misconduct
miseq
misexpression
missionary
mistrust
misuse
mitf
mitigation
mitogenome
mitotane
mlg
mlpa
mlsa
mlst
mlv
mlva
mmic
mmics
mmw
mmwave
mn-based
mnch
mn-doped
mne
mne manufacturing
mnes
mnp
mnps
mnv
mo-based
mobile element
mobile genetic element
mobilome
modc
modeling
mode-locked laser
mode-locking
mode lock laser
modem
modern electronics boom
modernisation
modernism
modernity
modernization
modification of plant or plant material
modulated-carrier
module
moems
mof
mof-based
mof-derived
mofs
moiety
moke
molecular biology
molecular biotechnology
molecular clone
molecular conformation
molecular electronics
molecular engineering
molecular engineering in plant
molecular machine
molecular machine and motor
molecular motor
molecular self assembly
molecular self-assembly
molecule
mollusc
molluscicide
mollusk
momp
monitor and diagnosis of manufacturing system
monochromator
monoclonal
monoclonal antibody
monocot
monocrystalline
monodisperse
monodispersed
monofunctional
monolayer
monolignol
monolithic
monolithically
monomer
monomode
mononucleotides
monosaccharide
monoubiquitination
montane
mooring
moorland
moox
mopa
morality
morpholino
morphology
mos
mosfet
mosfets
mossbauer
most optical sensor
mosx
motherhood
motif
motor
motorbike
motorcar
motorcycle
motor-vehicle
motorway
mountain
moxifloxacin
mozzarellum
mpcr
mpla
mqw
mqws
mri
mrna sequence
mrs
mrsa
mrsi
ms-based
msc
msc-based
mscs
ms-ms
msot
mssa
msw
mtase
mtb
mtcous
mtdna
mtgase
mtrr
mtx
mtx-induced
mucilage
mucin
mucosa
mudflat
multiagent
multianalyte
multiangle
multiband
multi-band
multiblock
multicarrier
multicellularity
multichip
multicolor
multicopy
multicore
multicultural
multiculturalism
multidrug
multi-drug
multidrug-resistant
multienzyme
multiferroic
multifrequency
multifunctional
multi-functional
multigene
multijunction
multilayer
multilayered
multilingualism
multilocus
multimaterial
multimedium
multimerization
multimode
multinuclear
multiphoton
multiphoton microscopy
multiplane
multipotent
multiprocessor
multiprotein
multiresistant
multirobot
multisectoral
multisensor
multi-sensor
multislice
multispectral
multitarget
multivalent
multiwall
multiwalled
multi-walled
multiwavelength
mumps
municipal
municipality
mutagenesis
mutagenicity
mutant
mutants
mutation
mutational
mutein
muv
mva
mwcnt
mwcnts
mwir
mwnt
mwnts
mxene
mxenes
myc
mycobacteria
mycobacterial
mycobiont
mycobiota
mycoplasma
mycorrhiza
mycotoxin
mycotoxins
myelosuppression
myelotoxicity
myoblast
myocardium
myometrium
myostatin
myth
mythology
myxobacterium
myxomycet
mzi
mzm
nab
nabs
nacre
naegleria
nanoadsorbent
nanoaggregate
nanoalloy
nanoantenna
nanoarchitecture
nanoarray
nanoassembly
nanobead
nanobelt
nanobiosensor
nano-biotechnologies
nanobiotechnology
nanobodies
nanobody
nanobox
nanobubble
nanocage
nanocapsule
nanocarbon
nanocarrier
nanocatalyst
nanocavities
nanocavity
nanocellulose
nanocerium
nanochain
nanochannel
nanoclay
nanocluster
nanocoating
nanocolloid
nanocolumn
nanocomplex
nanocomposite
nanocomposites
nanocone
nanoconjugate
nanoconstruct
nanocontact
nanocontainer
nanocrystalline
nanocrystallite
nanocrystals
nanocube
nanodendrite
nanodevice
nanodiamond
nanodisc
nanodisk
nanodomain
nanodot
nanodroplet
nanodrug
nanoelectrode
nano-electro-mechanical system
nanoelectromechanical system
nanoelectronic
nanoelectronic manufacturing
nanoelectronics
nano-electronics
nanoemulsion
nanoencapsulation
nanofabrication
nanofabrication and nanopattern
nanofibr
nanofiller
nanofilm
nanoflagellate
nanoflake
nanoflower
nanofluidic
nanofluidics
nanofoam
nanoformulation
nanoframe
nanogap
nanogel
nanogenerator
nanogold
nanograin
nanographene
nanoheterostructure
nanohole
nanohorn
nanohybrid
nanohydrogel
nanoimprint
nanoindentation
nanoisland
nanojet
nanojunction
nanolaser
nanolayer
nanoliposome
nanolithography
nanomachine
nanomagnet
nanomanipulation
nanomanufacture technology for nanoparticle
nanomanufacture technology for nanostructure
nanomanufacturing technology for nanoparticle
nanomanufacturing technology for nanostructure
nanomaterial
nanomaterials
nanomechanic
nanomedicine
nanomembrane
nanomesh
nano-metrological technology
nanometrological technology
nanometrology
nanomicelle
nanomorphology
nanomotor
nanoneedle
nanoobject
nanoparticle
nanoparticle carrier
nanoparticle–cell interaction
nanoparticle for tumour imaging or drug delivery
nanoparticles
nanoparticulate
nanopartide
nanopattern
nanophase
nanophotonic
nanophotonic and plasmonic
nanophotonic resonator
nanophotonics
nanophotonics and plasmonic
nanopillar
nanoplate
nanoplatelet
nanoplatform
nanoplex
nanopore
nanopores
nanoporous
nanoprism
nanoprobe
nanopyramid
nanoreactor
nanoresonator
nanoribbon
nanoring
nanorod
nanoscale
nanoscale device
nanoscale material
nanoscale structure
nanoscience
nanoscience and technology
nanoscience-and-technology
nanoscience instrumentation
nanoscience technique
nanoscience technique and instrumentation
nanoscopy
nanoscroll
nanosecond
nanosensor
nanosensors
nanosheet
nanoshell
nanosilica
nanosilver
nanosims
nanosize
nanosized
nano-sized
nanoslit
nanosphere
nanosponge
nanostar
nanostring
nanostrip
nanostructural
nanostructure
nanostructured
nanostructures
nanosystem
nanotag
nanotechnologies
nanotechnology
nanotechnology for manufacturing
nanotechnology in cancer
nanotherapeutic
nanotip
nanotoxicology
nanotriangle
nanotube
nanotubes
nanotubular
nanovaccine
nanovector
nanovehicle
nanovesicle
nanovoid
nanowall
nanowire
nanowires
nanozyme
narrative
narrowband
natamycin
nationalism
nationalist
nationhood
natural material
natural product
natural product synthesis
natural ventilation
nbc
ncbi
ncnts
ncounter
ncrna
ncs
ndna
nds
ndv
nearctic
near-field
near-infrared
near infrared spectroscopy
near-infrared spectroscopy
nearshore
necromass
nef
nefrologia
negotiation
negotiator
nematic
nematicidal
nematicide
nematode
nematodes
nems
neoantigen
neoepitope
neoliberal
neoliberalism
neomycin
neosporosis
neotropical
neotropics
nephrotoxicity
networked
networking
neuroapoptosis
neuroblast
neurodegeneration
neuroinflammation
neurologia
neuroprotectant
neuroscience
neurotoxicant
neurotoxicity
neutron
newcomer
new power train
nexafs
next-generation
next generation sequence
next-generation sequence
next-generation sequence technology
nfet
nf-y
ngo
ngos
ngs
ngs-based
nhej
nial
ni-based
nichrome
nick
nickel
nickel-based
nicr
nifh
nimotuzumab
nio
niosome
niox
nipaam
nipam
nir
nirf
ni-rich
nirs
nisin
nitazoxanide
niti
nitridation
nitrifier
nitrofuran
nitrogen-doped
nitrone
nitroreductase
nitrosomonas
nitrospira
nivolumab
nk-cell
nlcs
nmd
nmos
nmosfet
nmr
nmr-based
nmr spectroscopy
nmr spectroscopy approach
nmr spectroscopy technique
n-myc
nnrtis
nnv
noc
nodc
noesy
noise
noise pollution
noisy
noncovalent
non covalent
non covalent bond
non-dispersive
non-fluorescence microscopy
non-fluorescence microscopy technique
non-insulated
nonlinear
nonlinear effect
nonlinearity
nonlinear optics
nonlocality
nonprofit
nonreciprocal
nonreciprocity
nonresonant
non-resonant
nonviral
noodle
norbornene
normative
normativity
norovirus
nosocomial
nostalgia
nothofagus
novel
novel composite
novel composites
novobiocin
npcs
npg
npls
npn
npos
nps
nqr
nrdna
nrgo
nrit
nscs
nspcs
nssnp
nthi
nuclear magnetic resonance
nuclease
nucleic acid
nucleic acid rna
nucleic acid therapeutics
nucleic-acid therapeutics
nucleobase
nucleolar
nucleolin
nucleon
nucleophosmin
nucleoporin
nucleoprotein
nucleoside
nucleosomal
nucleotide
nucleotide chain terminator
nucleotide chain terminator monomer
numeration
nurse
nursing
nutraceutical
nutrigenomic
nutrigenomics
nutrition
nuv
nvidia
n-wasp
nws
nystatin
nzvi
oak
obedience
obesity
obinutuzumab
objectification
objection
obligation
occupational
occupational toxicity
ocean energy
oceanography
ocean planning
oceans
ocln
ocrelizumab
oct
octa
oct-a
octamer
octapeptide
octocoral
odn
odns
ods
oecs
oeg
ofet
ofets
oga
o-glcnacylation
ogt
olaparib
oleds
oligo
oligochaete
oligo delivery
oligodeoxynucleotide
oligodeoxyribonucleotide
oligoester
oligomer
oligomers
oligonucleotide
oligonucleotide bind
oligonucleotides
oligopeptide
oligoribonucleotide
oligosaccharide
oligothiophene
olympus
omic
omics
ompa
ompc
omvs
omw
on-chip
oncogene
oncology
oncolytic
oncomine
oncoprotein
one-dimensional
one-dimensional nanotubenanowire
one-pot
onlay
ontogeny
oomycete
opencl
openmp
open water
operando
operon
opex
ophthalmoscope
ophthalmoscopy
opioid-abuse
opisthorchiasis
opo
oppression
optic
optical
optical beam from propagate through the crystal
optical beams
optical circuit
optical clock
optical communication
optical component
optical datum
optical datum storage
optical device
optical equivalent of electronic circuit
optical feedback
optical fibre
optical fibre with a microscale core diameter
optical imaging
optical imaging technique
optical lithography
optical manipulation and tweezers
optical material
optical material and structure
optical metrology
optical microcavity
optical microscopy
optical microscopy technique
optical mode
optical phenomenon
optical physics
optical process
optical property and device
optical property of diamond
optical property of the group-iv semiconductor
optical property of the group-iv semiconductor and the design
optical property of the group-iv semiconductor and the design and fabrication
optical regime
optical resonance
optical resonance in the medium
optical response
opticals
optical sensor
optical source
optical spectroscopy
optical structure
optical system
optical technique
optical tweezers
optics
optics and photonic
optics-and-photonics
opto
optocoupler
optode
optoelectronic
opto-electronic
optoelectronic device
optoelectronic device and component
optoelectronics
opto-electronics
optofluidic
optofluidics
optogenetic
optomechanic
opv
opvs
orbitrap
order structure of crystal
orfs
organellar
organic
organic component
organic-inorganic
organic inorganic nanostructure
organic-inorganic nanostructure
organic–inorganic nanostructure
organic lead
organic led
organic leds
organic molecule
organisation
organisational
organism clone
organisms
organize material with dna
organocatalyst
organoclay
organogel
organogelator
organoid
organometallic
organo-phosphine
organo-phosphines
organopolysiloxane
organosilane
organosilica
organosilicon
organosiloxane
orientalism
origamus
ornithopters
ortho-condensed
orthodoxy
orthoester
ortholog
orthologous
orthologue
orthology
orthopoxvirus
oscs
oseltamivir
osimertinib
ospa
ospw
osseointegration
osteoblast
osteointegration
osteoporosis
ostracod
ostracode
otec
otft
otfts
other data—including functional genomic
other dietary bioactive
other energy
other energy topic
other example of optical technique
other nanotechnology
otherness
other photonic
otologicals
ototoxicity
outfall
outreach
outsider
outsource
overdenture
overdose
overexpress
overexpressing
overexpression
over-expression
overlayer
overshoes
oversight
overstory
overuse
ovicidal
oxacillin
oxaliplatin
oxazolidinone
oxide
oxidization
oximetry
oxisol
oxisols
oxyr
oxysulfide
oxytetracycline
ozonides
paa
pacbio
packaging
paddy
paek
pahs
palaearctic
palaeoenvironment
paleoecology
palmitoylation
palynomorph
pampas
pancreas
pandemic
pangenome
pani
panitumumab
panobinostat
pantanal
panther
paperhanging
paper technology
parallelisation
parallelization
parallelize
paralog
paralogue
paramecium
paramo
paramyxovirus
parasite
parasitic disease
parasitology
parenchyma
parliamentarian
parps
participation
participatory
particle
particleboard
particles
particular gene
particular microrna and sponge rnas
partisan
partisanship
partnership
parvoviral
parvovirus
parylation
passenger
passerine
passive
passive electronic material
pasta
pasteurella
pasteurellosis
pastoral
pastoralism
pasture
pastureland
patagonia
patagonian
paternalism
pathogen
pathogenic
pathogenicity
pathogens
pathology
pathotype
pathovar
patient-centered
patriarchy
patriotism
patronage
patterning
pbdes
pbg
pbi
pb-induced
pbps
pbse
pbte
pcf
pcfs
pcmh
pcr
pcr-amplified
pcr-based
pcr-dgge
pcr-rflp
pcvs
pdgfrb
pdmaema
pdms
pdna
pdnps
pdots
peace
peat
peatland
peaty
pectin
pedagogy
pedigree
pedogenesis
pedv
peg-based
pegma
pegylated
pegylation
peleds
pembrolizumab
pendent
penicillin
penicillium
peninsula
pentamer
pentapeptide
peo
peptide
peptide delivery
peptide nucleic acid
peptide nucleic acid oligo
peptide nucleic acids
peptide vaccine
peptidoglycan
peptidomic
peptidomimetic
peptoid
perfluoro
perfluoropolyether
perfumery
pericardium
pericyte
periodic optical structure
periosteum
periphyton
perovskite
peroxyhydrates
personal
personalised
personalize medicine
personhood
pertussis
pertuzumab
pesticidal
pesticide
pesticides
pestivirus
petrochemical
petrol
pevs
pfam
pfet
pfg
pfge
pgma
pgn
pgpb
pgx
pha
phage
phalloidin
pharma
pharmaceutic
pharmaceutical
pharmacogenetic
pharmacogenomic
pharmacogenomics
pharmacologic
pharmacological
pharmacologie
pharmacotherapy
pharmacy
phas
phase contrast
phase contrast microscopy
phase-contrast microscopy
phase-contrast microscopy display
phb
phema
phenomic
phenotype
phenotypic
phev
phevs
philanthropy
philology
philosophical
philosophy
phloroglucinol
phonon
phop
phormidium
phosphazene
phosphofructokinase
phosphoprotein
phosphoproteome
phosphoproteomic
phosphor
phosphoramidate
phosphoramidite
phosphorene
phosphorescence
phosphorescent
phosphorization
phosphorothioate
photoacoustic
photoacoustics
photocatalyst
photocathode
photocleavage
photoconverter
photodetection
photodetector
photodetectors
photodiode
photodissociation
photoelectrode
photoemission spectroscopy
photoinitiator
photoionization
photoisomerization
photolithographic technology
photolithography
photoluminescence
photoluminescent
photomask
photometer
photon
photonic
photonic crystal
photonic-crystal optical fibre
photonic in manufacturing
photonic material
photonics
photonics-based communication technology
photoplethysmography
photopolymer
photopolymerization
photoreceiver
photosensitizer
photosensor
photothermal
phototoxicity
phototransistor
phototroph
photovoltaic
photovoltaic device
photovoltaics
photovoltaic technology
phrs
phthalide
phus
phycocyanin
phyllosphere
phylogenetic
phylogenetic tree
phylogenomic
phylogenomics
phylogeny
phylogeographic
phylogeography
physical and chemical properties
physical and chemical property
physician
physics
physics and biophysic application
physiognomy
physiology
phytochemical
phytoextraction
phytomass
phytopathogen
phytoplankton
phytoremediation
phytostabilization
picoplankton
picornavirus
picosecond
picosecond or femtosecond pulse
picrust
piety
piezoresponse
piggybac
pils
pirna
piwi
pixe
pkr
pla-based
plan
planetaria
plankton
planktonic
planner
planning
plant
planta
plantation
plant biotechnology
plant-derived
plant or plant material
plasmid
plasmid and bacteriophage element
plasmids
plasmon
plasmonic
plasmonics
plastic
plastic free ocean
plastic-free ocean
plasticizer
plastics
plastics and microplastic
plastics reduction
plastic waste
plastid
plastome
pledge
pleds
pleiotropy
pleuromutilin
pleuropneumonia
plla
pluralism
plzf
pmaa
pmma
pmos
pmosfet
pmqr
pmtct
pna
pnas
pnca
pneumococcal
pneumococcus
pneumolysin
pnipaam
pnipam
pnps
podzol
poetic
poetry
poisoning and substance abuse
polarimeter
polarimetry
polariton
polaritons
polarization
polarization microscopy
polarizer
polaron
polg
police
policymaker
policy-maker
policy-making
polio
poliovirus
politician
politicisation
politicization
politics
polity
pollutant
pollutants
pollution and health
pollutions
poly
polyacetylene
polyacid
polyacrylamide
polyacrylate
polyacrylonitrile
polyadenylation
polyallylamine
polyamide
polyamidoamine
polyamine
polyampholyte
polyaniline
polyanion
polybenzimidazole
polybenzoxazine
polybutadiene
polycaprolactone
polycarbonate
polycarbosilane
polycation
polychaete
polychloroprene
polyclonal
polydiene
polydimethyl
polydimethylsiloxane
polyelectrolyte
polyester
polyesteramide
polyethene
polyether
polyetherimide
polyethersulfone
polyethylene
polyethyleneimine
polyfluorene
polyfunctional
polygeneration
polyglycerol
polyhydrazides
polyhydroxyalkanoate
polyimide
polyimine
polyion
polyisobutene
polyisobutylene
polyisocyanate
polyisoprene
polyketide
polyketone
polylactide
polylysine
polymer
polymer-based
polymer composite
polymeric
polymerizable
polymers
polymersome
polymethacrylate
polymorphisms
polynorbornene
polyol
polyolefin
polyolefine
polyomavirus
polyorganosiloxane
polyoxometalate
polyoxymethylene
polypeptide
polypeptides
polypharmacy
polyphenol
polyphosphazene
polyplex
polyploid
polyploidization
polyploidy
polypropylene
polyprotein
polypyrrole
polyrotaxane
polysaccharide
polysaccharide sequence
polysilane
polysiloxane
polysome
polystyrene
polysulfone
polysulphide
polythiophene
polyurethane
polyvinylchloride
pomona
pond
pops
population by isolate and sequence genomic region
population genetics
populations
populism
pora
pore
porous
porphines
posaconazole
positioning
poss
postcolonial
postmodern
posttranscriptional
potentiometry
pouchitis
pouffes
poultry
poverty
power electronics
powertrain
power train
poxvirus
ppia
pprv
ppy
practical application of electromagnetic radiation
practical application of electromagnetic radiation with a wavelength
practical application of electromagnetic wave
practical application of electromagnetic wave with a wavelength
practice
practitioner
pragmatism
prairie
praxis
praziquantel
preamplifier
prebiotic
precariousness
precarity
precision
preclinical
pre-clinical
prediction of the protein sequence from the encode dna
prediction of the protein sequence from the encode dna or mrna sequence
prejudice
preoccupation
preparedness
prepolymer
preprotein
pressurization
prestige
prevent disease
prevent diseases
preventing disease
prevention of adverse health effect result from medication
preventive
primacy
primary energy
primary energy consumption
primase
primers
printable
printing and mould technique
privacy
privatisation
privatization
prnp
probe
probe microscopy
probe microscopy image
probiotic
probiotics
procedure for reconstruct dna sequence from large number
process biotechnology
processing metal with high-power laser and develop optical equivalent
processor
processors
prochlorococcus
procoagulants
prodrug
product assembly technology
production support software
productivity
profession
professional
professionalisation
professionalism
professionalization
profilometer
profilometry
profitability
prognostication
programmability
prokaryote
prokaryotic
promoter
propaganda
prophage
prophylactic
proponent
propriety
prosecutor
prosperity
prostatitis
prosthesis
prosthetic
prosthetics
prostitution
protease
proteasomal
protective clothing
protective gear
protective immune response
protective immunity
protein
proteinaceous antigen
protein antigen
protein complex
protein delivery
protein delivery method
protein design
protein engineering
protein interactome
protein-protein
protein-protein interaction
protein–protein interaction
protein protein interaction network
protein–protein interaction network
protein purification
protein sequence
protein sequence from the encode dna or mrna sequence
protein sequence with descriptive information about structure
protein sequence with descriptive information about structure or function
protein therapy
protein vaccine
proteobacterium
proteoform
proteogenomic
proteoglycan
proteolytic
proteome
proteomic
proteomics
protestantism
prothesis
protist
protocell
protoplast
protospacer
prototype
protozoan
provider
province
provision
prp
prpc
prrs
prrsv
prv
psba
pseudoalteromonas
pseudogene
pseudomonad
pseudoraby
pseudorotaxane
pspa
psychiatric
psychiatry
psychoanalysis
psychological
psychosocial
psychrotolerant
p-tefb
pten
pterin
ptfe
ptgs
ptms
ptnps
ptr-ms
pt-symmetric
ptychography
public
public communication
public-health
public safety communication
public security communication
pullulan
pulp
pulp and paper
pulps
pulp technology
pulse
pulsed
pulses
pump–probe spectroscopy
puna
putative
putative drug
putin
pva
pvac
pvdf
pvj
pv substrate and wafer manufacturing technology
pv substrate manufacturing technology
pvy
pxrd
pxrf
pyrenean
pyrethroid
pyridazines
pyrometer
pyrrole
qcl
qcls
qd-based
qd-leds
qds
qdscs
qdsscs
qed
qeeg
qiime
qip
qled
qleds
qnmr
qol
qpcr
q-pcr
qrt-pcr
qtof
q-tof
quadrivalent
quadruplex
quantitative phase-contrast microscopy
quantitative phase-contrast microscopy display
quantum
quantum cascade
quantum cascade laser
quantum computer
quantum dot
quantum effect
quantum information
quantum information processing
quantum mechanic
quantum optics
quantum system
quantum well
quasicrystal
quasiparticle
qubit
quencher
quinolines
quinolone
qws
raav
rabies
rabv
racial inequality
racism
radar-tracking
radiation
radiation scattered
radicalisation
radicalism
radiocesium
radio frequency technology
radiography
radioimmunotherapy
radiometry
radionuclides
radiopharmaceutical
radioprotector
radiosensitizer
radseq
rad-seq
raffinose
rail
railroad
railway
railway line
railway station
rainforest
rainwater
raisin
raman
raman-scattering
raman spectroscopy
ranch
random gene knockout
random mutagenesis
rangeland
rapd-pcr
rapid prototype technology
ratification
rational design
ray
rbcl
rbps
rdna
rdrp
reading-desks
reading-racks
reassortant
reassortment
reca
recellularization
receptor
receptor or enzyme target
rechargeable
recombinant
recombinant dna
recombinant dna technology
recombinant peptide
recombinant peptide therapy
recombinant protein
recombinant proteinaceous antigen
recombinant protein therapy
recombinant vaccine
recombinase
recombinational
recommender
reconceptualization
reconfigurable
reconstruct dna sequence
recording detector
recq
rectenna
rectifier
recyclable
recycler
recycling
redesign
redevelopment
reduces cost
reduction of graphene oxide through heating
reduction of packaging
reduction of plastics
reef
referral
refinery
reflectarray
reflection
reflection microscopy
reflectometer
reflectometry
reflector
reflexivity
reforestation
reformist
reframe
refrigeration
refseq
refugium
regasification
regenerative
regenerative medicine
regimen
regionalism
regioregular
regulation and risk management
regulation of nanotechnology
regulon
rehabilitation
reheat
reification
reimagine
reinvention
reiterating
relational diplomacy
relativism
relativistic
relaxase
relaxin
relaxometry
reliability
relict
religiosity
religious
religious inequality
remediate
remediation
remembrance
remineralization
rempi
renaissance
renewable
renewable cooling
renewable energy
renewable heating
renewable heating and cool
rennet
reovirus
repair
repeat unit
repertoire
replicase
replicon
repressor
reprocess
reptile
republican
reram
resazurin
resilience
resin
resistive
resistome
resistor
resistors
resonance
resonance energy transfer
resonant mode
resonator
resonators
resource
respite
responsibility
restinga
retailing
rethink
reticle
reticuloendothelial
retroelement
retrotransposon
retroviral
retrovirus
reuse
re-use
reutilization
revaccination
revegetation
reverse transcription
revisionist
revitalization
revocation
rflp
rf-mems
rf technology
rgd
rgo
rhamnolipid
rhdv
rhetoric
rhinotracheitis
rhinovirus
rhizobium
rhizodeposition
rhizosphere
rhodopseudomonas
rhumatologie
ribavirin
ribonuclease dicer
ribonucleic acid
ribonucleoside
ribonucleotide
ribosome
riboswitch
ribozyme
rickettsial
rifampicin
rifapentine
rifaximin
rig-i
riparian
rituximab
rixs
rkip
rna
rna-based
rna-binding
rna-dependent
rna-guided
rnai
rnai-based
rnai-mediated
rna-induced
rna interference
rnai therapy
rna-mediated
rna molecule
rna molecules—micro
rna molecules—microrna
rna nanotechnology
rna or protein sequence
rnap
rnapii
rna-protein
rnas
rnase
rnaseq
rna-seq
rna sequence
rna-sequencing
rna strand
rna technology
rna vaccine
rna vector
rnp
rnps
robbery
rocketry
rodlike
roentgen
roesy
rof
rogue
romidepsin
rooftop
room
room-temperature
rotavirus
rotifer
roundwood
roundworm
rpds
rp-hplc
rpob
rpod
rram
rrn
rsv
rtpcr
rt-pcr
rt-qpcr
rtx
rubber
rubella
ruderal
runtime
rurality
rustproof
rvfv
rwh
rydberg
safener
safety
safety protection
sagebrush
sagnac
sailing
salad
salamander
salami
salinization
salmonella
salmonellosis
salmonicida
salmonid
saltmarsh
sanction
sanctuary
sanger
sanger sequence
sanger sequence by replicative synthesis in the presence
sanitation
sapphire
sars-cov
savanna
sawdust
sawmill
saxs
sbv
scabicide
scaffold
scalable
scan
scan electron microscopy
scanner
scanning
scanning electron
scanning electron microscopy
scanning probe
scanning probe microscopy
scanning probe microscopy image
scan probe microscopy
scatterer
scattering
sccmec
sccps
scepticism
scfv
scheimpflug
schiff-base
schistosomiasis
schlieren
schmallenberg
scholar
scholarship
schooling
schottky
science
scientific
scooter
scrubland
sdab
sds-page
sdss
sea
seabird
seafood
seagrass
sea-level
seas
seascape
seawater
seaweed
sebocyte
seca
secm
secretome
sector
secularism
secularization
securitization
security
security equipment
security infrastructure
security monitoring
security protection
sed
sedatives
sedge
sediment
sediments
seds
seira
selenide
selex
self-assembled
self-assembling
self-assembly
self-assembly technology
self-care
self-employment
self-interest
self-management
self-management of health
self-organized
sem
sem-eds
sem-edx
semiarid
semiconducting
semi-conductor
semiconductor laser
semiconductor material technology
semiconductors
semicrystalline
semimetal
semitrailer
sends information
senps
sensor
sensor network
sensor planning
sensors
sensor technology
separately-laid
sequence
sequence annotation
sequence determination
sequence determination pipeline
sequence genomic region
sequence of whole genome or portion
sequence of whole genome or portion of genome
sequencer
sequences
sequence technology
sequencing
sequenom
sericin
serodiagnosis
serotype
serovar
sers
sers-based
service
sexuality
sexual reproduction
sfks
sftsv
sgrna
shadowgraph
shadowgraphy
sharing
shearography
shellfish
shelterbelt
shelterin
shg
shigella
shigellosis
ship
shipbuilding
shipping
ships
shiv
short pulse
shotgun
shotgun metagenomic
shotgun sequence
shrna
shrub
shrubland
shuffling
sialidase
sialyltransferase
si-based
sideband
sidecars
sidelobe
si-doped
siga
signalosome
silac
silane
silanization
silence
silica
silicene
silicification
silico
silicon
silicon-based
silicon chip
silicone
silicon photonic
siloxane
silsesquioxane
silt
silumin
silvicultural
silviculture
silvopastoral
simian
sims
simultaneous detection of the emit fluorescence
simultaneous detection of the emit fluorescence use
single electron device
single-electron device
single-layer
single-molecule
single-nucleotide
single-photon
single photon and quantum effect
singleplex
single-walled
singularity
sinps
sintered
sinw
sinws
siox
sipm
sipms
sirna
sirnas
site-directed
site-directed mutagenesis
siv
siw
skepticism
skincare
skink
skyrmion
slavery
slotline
slow light
sludge
slum
small-angle
smallholder
small interfere
small interfere rna
small interfere rnas
small-molecule
small optical component
smallpox
small synthetic rnas
smartcard
smart city
smart city and community
smart community
smartphone
smfret
smlm
smrt
snack
snares
sng
sno
snom
snorna
snowboards
snox
snp
snp-based
snps
snrna
snse
snvs
social class
social equality
social inequality
socialisation
socialism
socialist
sociality
socialization
socially
social mobility
social privilege
social rights
social status
societal
societies
society
sociocultural
socioeconomic
socio-economic
sociolinguistic
sociological
sociologist
sociology
soft lithography
software-defined
software for manufacturing
soi
soil
soil environment
soil microbiology
soil quality
soils
solar cell
solar energy
solar energy and photovoltaic technology
solar power
solar powered
solar radiation
solar radiation for convert
soleil
solenoid
solexa
solgel
sol-gel
solidarity
solid state laser
solid-state laser
solid state nmr
solid-state nmr
soliton
solitons
solution-processed
solution state nmr
solution-state nmr
solvothermal
som
somatotropin
sophorolipid
sordariomycetes
sortase
sound
sourdough
sovereignty
soymilk
spanners
spaser
spatiality
specific dna
specific dna sequence
specific drug
specific recognition of a complementary dna or rna strand
specific sequence
spectroelectrochemistry
spectrofluorimetry
spectrograph
spectrometer
spectrometre
spectrometric
spectrometry
spectrophotometer
spectrophotometric
spectrophotometry
spectroscope
spectroscopic
spectroscopy
spectroscopy technique
specular
spermatogonial
sphagnum
spheroid
spice
spin
spintronic
spintronic device
spintronics
spion
spions
spiritual
spirituality
spirochete
spirooxindole
spiropyran
splf
spliceosome
spm
spoilage
spoligotype
sponge
sponge rnas
spoons
sporozoite
sportswear
spps
spr
sprawl
squids
sram-based
srb
srh
srna
srta
sscp
ssdna
ssnmr
ss-oct
ssrna
ssrs
ssu
stable genetic modification
staff
staffing
stain
staining
stainless
stainless steel
stakeholder
standing-wave optical mode
stanene
starch
starchy
statehood
statistics
stator
statute
steadies
steam-generating
stec
sted
steel
steels
stem
stemcell
stem cell
stem cell biotechnology
stem-cell biotechnology
stem cells
stem cell therapy
stem-cell therapy
stem cell transplantation
stent
steppe
stereolithography
stereology
stereomicroscope
stereomicroscopy
stereoregular
stereoselective
stethoscopes
stewardship
stigma
stigmatisation
stigmatization
stilbene
stimuli-responsive
stm
stormwater
stover
strains
stramenopile
strategic
straw
streamflow
streamlining of carbon footprint
streetcar
streptavidin
streptococcosis
streptomycete
streptomycin
stripline
strobilurin
stroma
strs
structural composite
structural property
structure-based
struggle
styrene
subalpine
subaltern
subcomplex
subcycle
subfunctionalization
subjectivity
subjugation
submarine
submillimetre
submuscular
subnanosecond
subpicosecond
subradiant
subsistence
subsoil
substance abuse
subtidal
suburb
subwavelength
sub wavelength optics
sub-wavelength optics
subway
succulent
such small optical component
sugarcane
sulfated
sulfenylation
sulfidation
sulfobetaine
sulfolobus
sulfonated
sulfone
sulfotransferase
sumo
sumoylation
sun as a source of energy
sunroofs
superalloy
superantigen
superbug
supercapacitor
supercomputer
superconduct device
superconducting device
superconductivity
superconductor
supercontinuum
supercontinuum generation
superfluid
superhard
superinfection
superlattice
superluminal
supermode
supermolecular
superparamagnetic
superradiance
superresolution
super-resolution
super resolution microscopy
super-resolution microscopy
supramolecule
supranational
surface
surface-emitting
surface of a metal and create surface plasmon
surface pattern
surface plasmon
surface protein
surfactant
surfactants
survivin
sustainability
sustainable
sustainable development
sustainable transport
sustainable transportation
sustainable urban mobility
svcv
swale
swamp
swc
swcnt
swcnts
swg
swidden
swir
switchbacks
switchgrass
swnt
swnts
sxr
symbiont
symbiose
symbiotic
symptom
synchrotron
synechococcus
synga
syngas
synovium
synteny
synthesis
synthesis and processing
synthesis of graphene
synthesis of novel molecule with desirable physical property
synthesize
synthetase
synthetic
synthetic biology
synthetic engineering-nonconducting polymer
synthetic material
synthetic polymer
synthetic system
synthon
system controls
system integrated
taiga
tailing
tailor drug therapy
tal
tal effector
tal effector domain
tal effector nuclease
talen
talens
tales
tallgrass
tambourines
tanker
tannery
taqman
tardbp
target
targeted delivery
target gene
target gene repair
target genes
target molecule
target resequence
targetscan
tautomerization
taxa
taxi
taxol
taxonomy
tbev
tcda
tcdd
tcells
tcrs
tcspc
tctp
tdap
tdg
tdna
t-dna
teamwork
technic
techniques
technological
technology for automate production
tedizolid
teicoplanin
telecare
telecommunication
telecommunications
telehealth
telematic
telematics
telemedicine
telephony
telescope
telestroke
telework
telluride
telomerase
temperate
template
temporality
tengs
tenocyte
ten-t
terahertz
terahertz optics
terahertz radiation
teratogen
teratogenesis
teratogenicity
terawatt and petawatt laser
terbinafine
terminase
termite
terpenoid
terpolymer
territoriality
terror
terrorism
terrorist
ters
testing
tetanus
tetherin
tethers
tetr
tetrafluoroethylene
tetramer
tetrapeptide
tetrapyrrole
tetrasaccharide
tetraspanin
tfet
tfets
tft
tfts
tga
tga-dsc
tg-dsc
tg-dta
tgev
tg-ftir
tg-ms
theological
theology
theorisation
theorise
theorist
theorization
therapeutic
therapeutical
therapeutically
therapeutic approach
therapeutic potential
therapeutic protein
therapeutics
therapeutic stem
therapeutics through modification and engineering of stem cell
therapies
therapy
thermal comfort
thermoelectric
thermography
thermogravimetric
thermogravimetry
thermometry
thermoplastic
thermoreflectance
thermoresponsive
thermoset
thermostable
thicket
thigh-rests
thin-film
thioester
thioesterase
thioether
thiopurine
threat
three-dimensional imaging
tht
thulium
thymidine
thymine
thymocyte
thz
thz-tds
tial
ti-based
tigecycline
tilmicosin
timberline
time-lapse
time-of-flight
time-resolved
tin
tini
tinplate
tiox
tirf
tissue
tissue engineer
tissue engineered
tissue engineering
tissue engineering and regenerative medicine
tissue-specific
titania
titanium
titanium-doped sapphire
tkis
tmdc
tmdcs
tm-doped
tmds
tmos
tmp-smx
tnfi
tnts
tobramycin
tocilizumab
tocsy
toehold
tof-ms
tof-sims
tofu
tomographic
tomography
tooling
toolset
topical
topsoil
tornado
torrefaction
tortoise
total internal reflection
total internal reflection microscopy
toupes
tourism
tow
town
township
toxicant
toxicogenomic
toxicological
toxicology
toxin
toxoid
tpef
tpu
trabectedin
tractor
tradition
tragedy
trailer
trailer and other wheeler
train
train engine
train of picosecond or femtosecond pulse
transactivation
transactivator
transceiver
transconjugant
transcript
transcription
transcription activator-like effector nuclease
transcription activator-like effector nucleases
transcriptional
transcriptome
transcriptomic
transcriptomics
transdermal
transduction
transduction genetics
transfect
transfect cell
transfection
transformant
transformation optics
transformer
transgene
transgenesis
transgenic
transillumination
transistor
transistors
transketolase
translatome
translocase
translocon
transmission
transmission electron
transmission electron microscopy
transmission light microscopy
transmucosal
transnationalism
transplantation
transport
transportation
transport infrastructure
transposable
transposable element
transposase
transposon
transposon mutagenesis
transputer
transshipment
trastuzumab
treat diseases
treating and manage disease
treaty
treeline
trehalose
trematode
t-rflp
trgo
trial
tribal
triblock
trichinella
trichodesmium
trigeneration
trilayer
trimaran
trio
trion
tripeptide
triphenylene
triple-stranded dna
triplex
triplex-forming
triplex-forming oligonucleotide
triplex-forming oligonucleotide bind
triplex oligo
triplication
trisaccharide
triticeae
trna
trolley
tropical
trousers
truck
trucking
truncheons
trust
trx
trypanocidal
trypanosomatid
trypanosome
tularemia
tumblers
tumefacien
tumoral
tunable
tundra
tuneable
tungsten
tunicate
turbidimetry
tussock
tuyres
twip
two dimensional material
two-dimensional material
two-photon
txnip
txrf
tylcv
tylosin
typhimurium
typhoid
typic
typing
tzm
ubiquitin
ubiquitination
ubiquitylation
ubl
ucnps
ufg
uhf
uhplc
uhplc-ms
uhss
ultrabroadband
ultracold
ultracompact
ultrafast
ultrafast laser
ultrafast photonic
ultralong
ultraperformance
ultrashort
ultrasmall
ultrathin
ultra-thin
ultraviolet-visible
ultrawideband
ulvan
underlie dna genome
understanding
understanding europe - promote
understanding health
understorey
understory
underwear
undulator
unemployment
ung
ungulate
unicellular
uniprot
universalism
uns
untargeted
upconversion
upec
upland
uplc
uplc-esi-ms
uplc-ms
upy
uracil
urban area
urban food industry
urbanisation
urbanism
urbanization
urban mobility
urban planning
urethane
uridine
urodynam
urolithiasis
uropathogen
urothelium
user
ustekinumab
usuv
utis
uv-curable
uv-curing
uv-drs
uvvis
uv-vis
uv-visible
uv-vis-nir
uwb
vaccinal
vaccinated
vaccination
vaccine
vaccinee
vaccine elicit
vaccine formulation
vaccines
vaccinia
vaccinium
vacnts
vacv
valacyclovir
valganciclovir
valorisation
valorization
vana
vancomycin
varactor
variable-temperature
varicella
varicellum
variety of fluorescence and non-fluorescence microscopy technique
vasculature
vcd
vcsel
vcsels
vector
vector molecular biology
vedotin
vegetarian
vegetation
vehicle
vehicle characteristic
vendor
verification
verilog
verlorene
vernacular
versatile
versican
vertisol
vfas
vha
vhhs
vhsv
vibrio
vicon
videoconferencing
videomicroscopy
view of a fluorescence microscope and simultaneous detection
vigs
village
vinasse
vinegar
violence
virion
virology
virome
virosome
virotherapy
virtual drug screening
virtualisation
virtualization
virucidal
virulence
virulent
virus
viruses
vis
viscometry
viticultural
viticulture
vlp
vlps
vlsi
vnir
vocation
volumetric imaging
volumetric imaging with reduce sample irradiation
volunteering
volunteerism
voriconazole
vortex
vpx
vre
vrna
vsfg
vsv
vulcanizate
vuv
vzv
wafer
wafer manufacturing technology
wage
wakefield
wast
waste heat recovery
waste management
waste management and recycling
wastewater
waste-water
water
water and wastewater
waterbird
waterbody
water-bottles
watercraft
waterfowl
waterfront
water-insoluble
water microbiology
water pollution
water-power
water resource
water resource management
water resources
water resources management
waters
water-soluble
waterway
water-ways
wave
wavefront
wavefunction
waveguide
waveguides
wavelength
wavepacket
waxs
wc-co
w-cu
wdm
wealth
wear-resistant
weather
web-based
wec
wecs
weee
weld
welding
weldment
welfare
wellbee and disease
well-being
wellness
wes
wetland
wetlands
wgd
wgm
wgms
wgs
wheel
white light
white-light optical microscopy
white-light optical microscopy technique
whole-exome
whole genome
whole-genome
whole organism clone
wide-angle
wideband
widefield
wide-field
wide field fluorescence microscopy
wide-field fluorescence microscopy
wildfire
wildlife
willow
wind-driven
wind energy
winding
windmill
wine
wine-making
wireless
wj-mscs
wled
wleds
wli
wnv
wolbachia
woodchip
woodland
woodwork
workflow
workforce
worldview
wortmannin
wpu
wreck
wrn
wrongdoing
wssv
wte
wwtp
wwtps
xafs
xanes
xanthan
xas
xdr
xenophobia
xenotransplantation
xerogel
xfel
xiap
xist
xmcd
xoo
xos
xpa
xpc
xps
xray
x ray
x-ray
x-ray diffraction
x-rays
xrd
xrf
xuv
xylan
xylitol
xylobiose
xyloglucan
yac
yacht
yacs
yag
ybco
yb-doped
yeasts
yersinia
yfv
yig
ylf
yoghurt
yogurt
youth
y-str
ytterbium
zanamivir
zblan
zein
zeolitic
zfns
zifs
zigbee
zikv
zinc finger
zinc finger domain
zinc finger nuclease
zircaloy
zirconium
znf
zno
zno-nps
zns
znse
znte
zooplankton
zoospore
zrp
zto
zwitterion
